src/components/IngredientToVideoMode.tsx(1,31): error TS6133: 'useRef' is declared but its value is never read.
src/components/IngredientToVideoMode.tsx(3,106): error TS6133: 'Library' is declared but its value is never read.
